// Jest Snapshot v1, https://goo.gl/fbAQLP

exports[`Options render {Object} 1`] = `"throw new Error(\\"Module parse failed: Unexpected token (1:4)\\\\nYou may need an appropriate loader to handle this file type, currently no loaders are configured to process this file. See https://webpack.js.org/concepts#loaders\\\\n> div Hello\\\\n| \\");"`;

exports[`Options render {String} 1`] = `"throw new Error(\\"Module parse failed: Unexpected token (1:4)\\\\nYou may need an appropriate loader to handle this file type, currently no loaders are configured to process this file. See https://webpack.js.org/concepts#loaders\\\\n> div Hello\\\\n| \\");"`;
