// Jest Snapshot v1, https://goo.gl/fbAQLP

exports[`Errors Validation Error 1`] = `
"PostHTML Loader Invalid Options

options.plugins should be array
options.plugins should be object
options.plugins should pass \\"instanceof\\" keyword validation
options.plugins should match exactly one schema in oneOf
"
`;
