// Jest Snapshot v1, https://goo.gl/fbAQLP

exports[`Errors Validation Error 1`] = `
"Invalid options object. PostHTML Loader has been initialized using an options object that does not match the API schema.
 - options.plugins should be one of these:
   [any, ...] | object { … } | function
   Details:
    * options.plugins should be an array:
      [any, ...]
    * options.plugins should be an object:
      object { … }
    * options.plugins should be an instance of function."
`;
